mode: set
github.com/KrushnaVardhanReddy/substrate/engine/cmd/substrate/main.go:24.13,35.48 2 0
github.com/KrushnaVardhanReddy/substrate/engine/cmd/substrate/main.go:35.48,40.18 4 0
github.com/KrushnaVardhanReddy/substrate/engine/cmd/substrate/main.go:40.18,41.76 1 0
github.com/KrushnaVardhanReddy/substrate/engine/cmd/substrate/main.go:41.76,44.6 2 0
github.com/KrushnaVardhanReddy/substrate/engine/cmd/substrate/main.go:48.4,49.29 2 0
github.com/KrushnaVardhanReddy/substrate/engine/cmd/substrate/main.go:49.29,50.43 1 0
github.com/KrushnaVardhanReddy/substrate/engine/cmd/substrate/main.go:50.43,52.6 1 0
github.com/KrushnaVardhanReddy/substrate/engine/cmd/substrate/main.go:52.11,54.23 2 0
github.com/KrushnaVardhanReddy/substrate/engine/cmd/substrate/main.go:54.23,56.7 1 0
github.com/KrushnaVardhanReddy/substrate/engine/cmd/substrate/main.go:56.12,58.7 1 0
github.com/KrushnaVardhanReddy/substrate/engine/cmd/substrate/main.go:62.4,64.32 2 0
github.com/KrushnaVardhanReddy/substrate/engine/cmd/substrate/main.go:64.32,66.19 2 0
github.com/KrushnaVardhanReddy/substrate/engine/cmd/substrate/main.go:66.19,69.6 2 0
github.com/KrushnaVardhanReddy/substrate/engine/cmd/substrate/main.go:70.5,71.19 2 0
github.com/KrushnaVardhanReddy/substrate/engine/cmd/substrate/main.go:71.19,74.6 2 0
github.com/KrushnaVardhanReddy/substrate/engine/cmd/substrate/main.go:75.5,75.41 1 0
github.com/KrushnaVardhanReddy/substrate/engine/cmd/substrate/main.go:76.10,78.19 2 0
github.com/KrushnaVardhanReddy/substrate/engine/cmd/substrate/main.go:78.19,81.6 2 0
github.com/KrushnaVardhanReddy/substrate/engine/cmd/substrate/main.go:84.4,84.18 1 0
github.com/KrushnaVardhanReddy/substrate/engine/cmd/substrate/main.go:84.18,86.44 2 0
github.com/KrushnaVardhanReddy/substrate/engine/cmd/substrate/main.go:86.44,87.50 1 0
github.com/KrushnaVardhanReddy/substrate/engine/cmd/substrate/main.go:87.50,88.15 1 0
github.com/KrushnaVardhanReddy/substrate/engine/cmd/substrate/main.go:90.6,90.49 1 0
github.com/KrushnaVardhanReddy/substrate/engine/cmd/substrate/main.go:93.5,96.38 3 0
github.com/KrushnaVardhanReddy/substrate/engine/cmd/substrate/main.go:96.38,98.6 1 0
github.com/KrushnaVardhanReddy/substrate/engine/cmd/substrate/main.go:98.11,98.44 1 0
github.com/KrushnaVardhanReddy/substrate/engine/cmd/substrate/main.go:98.44,100.6 1 0
github.com/KrushnaVardhanReddy/substrate/engine/cmd/substrate/main.go:100.11,100.44 1 0
github.com/KrushnaVardhanReddy/substrate/engine/cmd/substrate/main.go:100.44,102.6 1 0
github.com/KrushnaVardhanReddy/substrate/engine/cmd/substrate/main.go:102.11,104.6 1 0
github.com/KrushnaVardhanReddy/substrate/engine/cmd/substrate/main.go:107.4,107.24 1 0
github.com/KrushnaVardhanReddy/substrate/engine/cmd/substrate/main.go:107.24,109.19 2 0
github.com/KrushnaVardhanReddy/substrate/engine/cmd/substrate/main.go:109.19,112.6 2 0
github.com/KrushnaVardhanReddy/substrate/engine/cmd/substrate/main.go:113.5,113.32 1 0
github.com/KrushnaVardhanReddy/substrate/engine/cmd/substrate/main.go:114.10,114.31 1 0
github.com/KrushnaVardhanReddy/substrate/engine/cmd/substrate/main.go:114.31,123.37 6 0
github.com/KrushnaVardhanReddy/substrate/engine/cmd/substrate/main.go:123.37,125.46 2 0
github.com/KrushnaVardhanReddy/substrate/engine/cmd/substrate/main.go:125.46,129.36 4 0
github.com/KrushnaVardhanReddy/substrate/engine/cmd/substrate/main.go:129.36,131.8 1 0
github.com/KrushnaVardhanReddy/substrate/engine/cmd/substrate/main.go:132.7,132.20 1 0
github.com/KrushnaVardhanReddy/substrate/engine/cmd/substrate/main.go:136.5,136.30 1 0
github.com/KrushnaVardhanReddy/substrate/engine/cmd/substrate/main.go:136.30,138.39 2 0
github.com/KrushnaVardhanReddy/substrate/engine/cmd/substrate/main.go:138.39,142.36 4 0
github.com/KrushnaVardhanReddy/substrate/engine/cmd/substrate/main.go:142.36,144.8 1 0
github.com/KrushnaVardhanReddy/substrate/engine/cmd/substrate/main.go:145.7,145.20 1 0
github.com/KrushnaVardhanReddy/substrate/engine/cmd/substrate/main.go:149.5,149.33 1 0
github.com/KrushnaVardhanReddy/substrate/engine/cmd/substrate/main.go:149.33,151.42 2 0
github.com/KrushnaVardhanReddy/substrate/engine/cmd/substrate/main.go:151.42,156.7 4 0
github.com/KrushnaVardhanReddy/substrate/engine/cmd/substrate/main.go:159.10,159.36 1 0
github.com/KrushnaVardhanReddy/substrate/engine/cmd/substrate/main.go:159.36,165.37 4 0
github.com/KrushnaVardhanReddy/substrate/engine/cmd/substrate/main.go:165.37,169.46 4 0
github.com/KrushnaVardhanReddy/substrate/engine/cmd/substrate/main.go:169.46,171.7 1 0
github.com/KrushnaVardhanReddy/substrate/engine/cmd/substrate/main.go:172.6,173.46 2 0
github.com/KrushnaVardhanReddy/substrate/engine/cmd/substrate/main.go:173.46,174.36 1 0
github.com/KrushnaVardhanReddy/substrate/engine/cmd/substrate/main.go:174.36,176.8 1 0
github.com/KrushnaVardhanReddy/substrate/engine/cmd/substrate/main.go:180.5,180.30 1 0
github.com/KrushnaVardhanReddy/substrate/engine/cmd/substrate/main.go:180.30,184.39 4 0
github.com/KrushnaVardhanReddy/substrate/engine/cmd/substrate/main.go:184.39,186.7 1 0
github.com/KrushnaVardhanReddy/substrate/engine/cmd/substrate/main.go:187.6,187.19 1 0
github.com/KrushnaVardhanReddy/substrate/engine/cmd/substrate/main.go:190.5,190.33 1 0
github.com/KrushnaVardhanReddy/substrate/engine/cmd/substrate/main.go:190.33,194.42 4 0
github.com/KrushnaVardhanReddy/substrate/engine/cmd/substrate/main.go:194.42,196.7 1 0
github.com/KrushnaVardhanReddy/substrate/engine/cmd/substrate/main.go:197.6,197.19 1 0
github.com/KrushnaVardhanReddy/substrate/engine/cmd/substrate/main.go:200.5,200.132 1 0
github.com/KrushnaVardhanReddy/substrate/engine/cmd/substrate/main.go:201.10,204.5 2 0
github.com/KrushnaVardhanReddy/substrate/engine/cmd/substrate/main.go:206.4,206.37 1 0
github.com/KrushnaVardhanReddy/substrate/engine/cmd/substrate/main.go:206.37,208.5 1 0
github.com/KrushnaVardhanReddy/substrate/engine/cmd/substrate/main.go:208.10,208.43 1 0
github.com/KrushnaVardhanReddy/substrate/engine/cmd/substrate/main.go:208.43,210.5 1 0
github.com/KrushnaVardhanReddy/substrate/engine/cmd/substrate/main.go:211.4,211.14 1 0
github.com/KrushnaVardhanReddy/substrate/engine/cmd/substrate/main.go:215.2,224.48 5 0
github.com/KrushnaVardhanReddy/substrate/engine/cmd/substrate/main.go:224.48,227.4 1 0
github.com/KrushnaVardhanReddy/substrate/engine/cmd/substrate/main.go:230.2,234.55 2 0
github.com/KrushnaVardhanReddy/substrate/engine/cmd/substrate/main.go:234.55,236.18 2 0
github.com/KrushnaVardhanReddy/substrate/engine/cmd/substrate/main.go:236.18,237.52 1 0
github.com/KrushnaVardhanReddy/substrate/engine/cmd/substrate/main.go:237.52,240.6 2 0
github.com/KrushnaVardhanReddy/substrate/engine/cmd/substrate/main.go:241.5,242.15 2 0
github.com/KrushnaVardhanReddy/substrate/engine/cmd/substrate/main.go:244.4,244.14 1 0
github.com/KrushnaVardhanReddy/substrate/engine/cmd/substrate/main.go:248.2,260.55 9 0
github.com/KrushnaVardhanReddy/substrate/engine/cmd/substrate/main.go:260.55,261.41 1 0
github.com/KrushnaVardhanReddy/substrate/engine/cmd/substrate/main.go:261.41,263.5 1 0
github.com/KrushnaVardhanReddy/substrate/engine/cmd/substrate/main.go:264.4,264.14 1 0
github.com/KrushnaVardhanReddy/substrate/engine/cmd/substrate/main.go:267.2,274.42 6 0
github.com/KrushnaVardhanReddy/substrate/engine/cmd/substrate/main.go:274.42,277.3 2 0
github.com/KrushnaVardhanReddy/substrate/engine/cmd/substrate/serve.go:24.80,25.22 1 1
github.com/KrushnaVardhanReddy/substrate/engine/cmd/substrate/serve.go:25.22,27.3 1 1
github.com/KrushnaVardhanReddy/substrate/engine/cmd/substrate/serve.go:28.2,29.30 2 0
github.com/KrushnaVardhanReddy/substrate/engine/cmd/substrate/serve.go:29.30,31.3 1 0
github.com/KrushnaVardhanReddy/substrate/engine/cmd/substrate/serve.go:33.2,34.41 2 0
github.com/KrushnaVardhanReddy/substrate/engine/cmd/substrate/serve.go:34.41,35.47 1 0
github.com/KrushnaVardhanReddy/substrate/engine/cmd/substrate/serve.go:35.47,36.12 1 0
github.com/KrushnaVardhanReddy/substrate/engine/cmd/substrate/serve.go:38.3,38.46 1 0
github.com/KrushnaVardhanReddy/substrate/engine/cmd/substrate/serve.go:41.2,44.35 3 0
github.com/KrushnaVardhanReddy/substrate/engine/cmd/substrate/serve.go:44.35,46.3 1 0
github.com/KrushnaVardhanReddy/substrate/engine/cmd/substrate/serve.go:46.8,46.41 1 0
github.com/KrushnaVardhanReddy/substrate/engine/cmd/substrate/serve.go:46.41,48.3 1 0
github.com/KrushnaVardhanReddy/substrate/engine/cmd/substrate/serve.go:48.8,48.41 1 0
github.com/KrushnaVardhanReddy/substrate/engine/cmd/substrate/serve.go:48.41,50.3 1 0
github.com/KrushnaVardhanReddy/substrate/engine/cmd/substrate/serve.go:50.8,52.3 1 0
github.com/KrushnaVardhanReddy/substrate/engine/cmd/substrate/serve.go:54.2,54.12 1 0
github.com/KrushnaVardhanReddy/substrate/engine/cmd/substrate/serve.go:57.88,59.16 2 1
github.com/KrushnaVardhanReddy/substrate/engine/cmd/substrate/serve.go:59.16,61.3 1 0
github.com/KrushnaVardhanReddy/substrate/engine/cmd/substrate/serve.go:62.2,63.17 2 1
github.com/KrushnaVardhanReddy/substrate/engine/cmd/substrate/serve.go:66.84,68.16 2 1
github.com/KrushnaVardhanReddy/substrate/engine/cmd/substrate/serve.go:68.16,70.3 1 0
github.com/KrushnaVardhanReddy/substrate/engine/cmd/substrate/serve.go:71.2,72.16 2 1
github.com/KrushnaVardhanReddy/substrate/engine/cmd/substrate/serve.go:72.16,74.3 1 0
github.com/KrushnaVardhanReddy/substrate/engine/cmd/substrate/serve.go:75.2,77.17 3 1
github.com/KrushnaVardhanReddy/substrate/engine/cmd/substrate/serve.go:80.32,83.73 2 1
github.com/KrushnaVardhanReddy/substrate/engine/cmd/substrate/serve.go:83.73,84.33 1 1
github.com/KrushnaVardhanReddy/substrate/engine/cmd/substrate/serve.go:84.33,87.4 2 1
github.com/KrushnaVardhanReddy/substrate/engine/cmd/substrate/serve.go:88.3,90.37 3 1
github.com/KrushnaVardhanReddy/substrate/engine/cmd/substrate/serve.go:93.2,93.71 1 1
github.com/KrushnaVardhanReddy/substrate/engine/cmd/substrate/serve.go:93.71,94.34 1 1
github.com/KrushnaVardhanReddy/substrate/engine/cmd/substrate/serve.go:94.34,97.4 2 1
github.com/KrushnaVardhanReddy/substrate/engine/cmd/substrate/serve.go:99.3,100.17 2 1
github.com/KrushnaVardhanReddy/substrate/engine/cmd/substrate/serve.go:100.17,105.4 4 0
github.com/KrushnaVardhanReddy/substrate/engine/cmd/substrate/serve.go:106.3,109.52 3 1
github.com/KrushnaVardhanReddy/substrate/engine/cmd/substrate/serve.go:109.52,114.4 4 1
github.com/KrushnaVardhanReddy/substrate/engine/cmd/substrate/serve.go:116.3,116.75 1 1
github.com/KrushnaVardhanReddy/substrate/engine/cmd/substrate/serve.go:116.75,121.4 4 1
github.com/KrushnaVardhanReddy/substrate/engine/cmd/substrate/serve.go:123.3,123.61 1 1
github.com/KrushnaVardhanReddy/substrate/engine/cmd/substrate/serve.go:123.61,128.4 4 1
github.com/KrushnaVardhanReddy/substrate/engine/cmd/substrate/serve.go:130.3,131.17 2 1
github.com/KrushnaVardhanReddy/substrate/engine/cmd/substrate/serve.go:131.17,136.4 4 0
github.com/KrushnaVardhanReddy/substrate/engine/cmd/substrate/serve.go:137.3,142.17 5 1
github.com/KrushnaVardhanReddy/substrate/engine/cmd/substrate/serve.go:142.17,147.4 4 0
github.com/KrushnaVardhanReddy/substrate/engine/cmd/substrate/serve.go:148.3,153.23 5 1
github.com/KrushnaVardhanReddy/substrate/engine/cmd/substrate/serve.go:153.23,155.18 2 0
github.com/KrushnaVardhanReddy/substrate/engine/cmd/substrate/serve.go:155.18,160.5 4 0
github.com/KrushnaVardhanReddy/substrate/engine/cmd/substrate/serve.go:161.4,164.34 4 0
github.com/KrushnaVardhanReddy/substrate/engine/cmd/substrate/serve.go:167.3,168.30 2 1
github.com/KrushnaVardhanReddy/substrate/engine/cmd/substrate/serve.go:168.30,170.4 1 1
github.com/KrushnaVardhanReddy/substrate/engine/cmd/substrate/serve.go:170.9,172.4 1 1
github.com/KrushnaVardhanReddy/substrate/engine/cmd/substrate/serve.go:174.3,174.17 1 1
github.com/KrushnaVardhanReddy/substrate/engine/cmd/substrate/serve.go:174.17,179.4 4 0
github.com/KrushnaVardhanReddy/substrate/engine/cmd/substrate/serve.go:181.3,182.17 2 1
github.com/KrushnaVardhanReddy/substrate/engine/cmd/substrate/serve.go:182.17,187.4 4 0
github.com/KrushnaVardhanReddy/substrate/engine/cmd/substrate/serve.go:189.3,191.20 3 1
github.com/KrushnaVardhanReddy/substrate/engine/cmd/substrate/serve.go:194.2,194.12 1 1
github.com/KrushnaVardhanReddy/substrate/engine/cmd/substrate/serve.go:197.34,201.2 3 0
